Archive member included because of file (symbol)

c:/program files (x86)/emblocks/2.20/share/em_armgcc/bin/../lib/gcc/arm-none-eabi/4.7.3/armv7e-m/fpu\libgcc.a(_arm_addsubdf3.o)
                              obj\debug\src\main.o (__aeabi_i2d)
c:/program files (x86)/emblocks/2.20/share/em_armgcc/bin/../lib/gcc/arm-none-eabi/4.7.3/armv7e-m/fpu\libgcc.a(_arm_muldivdf3.o)
                              obj\debug\src\main.o (__aeabi_dmul)
c:/program files (x86)/emblocks/2.20/share/em_armgcc/bin/../lib/gcc/arm-none-eabi/4.7.3/armv7e-m/fpu\libgcc.a(_arm_fixdfsi.o)
                              obj\debug\src\main.o (__aeabi_d2iz)
c:/program files (x86)/emblocks/2.20/share/em_armgcc/bin/../lib/gcc/arm-none-eabi/4.7.3/../../../../arm-none-eabi/lib/armv7e-m/fpu\libc_n.a(lib_a-__atexit2.o)
                              c:/program files (x86)/emblocks/2.20/share/em_armgcc/bin/../lib/gcc/arm-none-eabi/4.7.3/../../../../arm-none-eabi/lib/armv7e-m/fpu/crt0.o (__register_exitproc)
c:/program files (x86)/emblocks/2.20/share/em_armgcc/bin/../lib/gcc/arm-none-eabi/4.7.3/../../../../arm-none-eabi/lib/armv7e-m/fpu\libc_n.a(lib_a-exit.o)
                              c:/program files (x86)/emblocks/2.20/share/em_armgcc/bin/../lib/gcc/arm-none-eabi/4.7.3/../../../../arm-none-eabi/lib/armv7e-m/fpu/crt0.o (exit)
c:/program files (x86)/emblocks/2.20/share/em_armgcc/bin/../lib/gcc/arm-none-eabi/4.7.3/../../../../arm-none-eabi/lib/armv7e-m/fpu\libc_n.a(lib_a-fini.o)
                              c:/program files (x86)/emblocks/2.20/share/em_armgcc/bin/../lib/gcc/arm-none-eabi/4.7.3/../../../../arm-none-eabi/lib/armv7e-m/fpu/crt0.o (__libc_fini_array)
c:/program files (x86)/emblocks/2.20/share/em_armgcc/bin/../lib/gcc/arm-none-eabi/4.7.3/../../../../arm-none-eabi/lib/armv7e-m/fpu\libc_n.a(lib_a-impure.o)
                              c:/program files (x86)/emblocks/2.20/share/em_armgcc/bin/../lib/gcc/arm-none-eabi/4.7.3/../../../../arm-none-eabi/lib/armv7e-m/fpu\libc_n.a(lib_a-exit.o) (_global_impure_ptr)
c:/program files (x86)/emblocks/2.20/share/em_armgcc/bin/../lib/gcc/arm-none-eabi/4.7.3/../../../../arm-none-eabi/lib/armv7e-m/fpu\libc_n.a(lib_a-init.o)
                              c:/program files (x86)/emblocks/2.20/share/em_armgcc/bin/../lib/gcc/arm-none-eabi/4.7.3/../../../../arm-none-eabi/lib/armv7e-m/fpu/crt0.o (__libc_init_array)
c:/program files (x86)/emblocks/2.20/share/em_armgcc/bin/../lib/gcc/arm-none-eabi/4.7.3/../../../../arm-none-eabi/lib/armv7e-m/fpu\libc_n.a(lib_a-memset.o)
                              c:/program files (x86)/emblocks/2.20/share/em_armgcc/bin/../lib/gcc/arm-none-eabi/4.7.3/../../../../arm-none-eabi/lib/armv7e-m/fpu/crt0.o (memset)
c:/program files (x86)/emblocks/2.20/share/em_armgcc/bin/../lib/gcc/arm-none-eabi/4.7.3/../../../../arm-none-eabi/lib/armv7e-m/fpu\libc_n.a(lib_a-sprintf.o)
                              obj\debug\src\main.o (sprintf)
c:/program files (x86)/emblocks/2.20/share/em_armgcc/bin/../lib/gcc/arm-none-eabi/4.7.3/../../../../arm-none-eabi/lib/armv7e-m/fpu\libc_n.a(lib_a-svfprintf.o)
                              c:/program files (x86)/emblocks/2.20/share/em_armgcc/bin/../lib/gcc/arm-none-eabi/4.7.3/../../../../arm-none-eabi/lib/armv7e-m/fpu\libc_n.a(lib_a-sprintf.o) (_svfprintf_r)
c:/program files (x86)/emblocks/2.20/share/em_armgcc/bin/../lib/gcc/arm-none-eabi/4.7.3/../../../../arm-none-eabi/lib/armv7e-m/fpu\libc_n.a(lib_a-vfprintf_i.o)
                              c:/program files (x86)/emblocks/2.20/share/em_armgcc/bin/../lib/gcc/arm-none-eabi/4.7.3/../../../../arm-none-eabi/lib/armv7e-m/fpu\libc_n.a(lib_a-svfprintf.o) (_printf_i)
c:/program files (x86)/emblocks/2.20/share/em_armgcc/bin/../lib/gcc/arm-none-eabi/4.7.3/../../../../arm-none-eabi/lib/armv7e-m/fpu\libc_n.a(lib_a-freer.o)
                              c:/program files (x86)/emblocks/2.20/share/em_armgcc/bin/../lib/gcc/arm-none-eabi/4.7.3/../../../../arm-none-eabi/lib/armv7e-m/fpu\libc_n.a(lib_a-svfprintf.o) (_free_r)
c:/program files (x86)/emblocks/2.20/share/em_armgcc/bin/../lib/gcc/arm-none-eabi/4.7.3/../../../../arm-none-eabi/lib/armv7e-m/fpu\libc_n.a(lib_a-mallocr.o)
                              c:/program files (x86)/emblocks/2.20/share/em_armgcc/bin/../lib/gcc/arm-none-eabi/4.7.3/../../../../arm-none-eabi/lib/armv7e-m/fpu\libc_n.a(lib_a-svfprintf.o) (_malloc_r)
c:/program files (x86)/emblocks/2.20/share/em_armgcc/bin/../lib/gcc/arm-none-eabi/4.7.3/../../../../arm-none-eabi/lib/armv7e-m/fpu\libc_n.a(lib_a-memchr.o)
                              c:/program files (x86)/emblocks/2.20/share/em_armgcc/bin/../lib/gcc/arm-none-eabi/4.7.3/../../../../arm-none-eabi/lib/armv7e-m/fpu\libc_n.a(lib_a-svfprintf.o) (memchr)
c:/program files (x86)/emblocks/2.20/share/em_armgcc/bin/../lib/gcc/arm-none-eabi/4.7.3/../../../../arm-none-eabi/lib/armv7e-m/fpu\libc_n.a(lib_a-memcpy.o)
[...]
Memory Configuration

Name             Origin             Length             Attributes
ROM              0x08000000         0x00100000         xr
RAM              0x20000000         0x00020000         xrw
CCRAM            0x10000000         0x00010000         xrw
*default*        0x00000000         0xffffffff

Linker script and memory map

LOAD c:/program files (x86)/emblocks/2.20/share/em_armgcc/bin/../lib/gcc/arm-none-eabi/4.7.3/armv7e-m/fpu/crti.o
LOAD c:/program files (x86)/emblocks/2.20/share/em_armgcc/bin/../lib/gcc/arm-none-eabi/4.7.3/armv7e-m/fpu/crtbegin.o
LOAD c:/program files (x86)/emblocks/2.20/share/em_armgcc/bin/../lib/gcc/arm-none-eabi/4.7.3/../../../../arm-none-eabi/lib/armv7e-m/fpu/crt0.o
                0x00000000                __HEAP_SIZE = 0x0
                0x00000100                __STACK_SIZE = 0x100

.text           0x08000000     0x2bb8
 *(.isr_vector)
 .isr_vector    0x08000000      0x188 obj\debug\src\startup_stm32f4xx.o
                0x08000000                __isr_vector
 *(.text*)
 .text          0x08000188       0x54 c:/program files (x86)/emblocks/2.20/share/em_armgcc/bin/../lib/gcc/arm-none-eabi/4.7.3/armv7e-m/fpu/crtbegin.o
 .text          0x080001dc       0x70 c:/program files (x86)/emblocks/2.20/share/em_armgcc/bin/../lib/gcc/arm-none-eabi/4.7.3/../../../../arm-none-eabi/lib/armv7e-m/fpu/crt0.o
                0x080001dc                _start
                0x080001dc                start
                0x080001dc                _mainCRTStartup
 .text.ADC_DeInit
                0x0800024c       0x20 obj\debug\spl\src\stm32f4xx_adc.o
                0x0800024c                ADC_DeInit
 .text.ADC_Init
                0x0800026c       0xb8 obj\debug\spl\src\stm32f4xx_adc.o
                0x0800026c                ADC_Init
 .text.ADC_StructInit
                0x08000324       0x4c obj\debug\spl\src\stm32f4xx_adc.o
                0x08000324                ADC_StructInit
 .text.ADC_CommonInit
                0x08000370       0x5c obj\debug\spl\src\stm32f4xx_adc.o
                0x08000370                ADC_CommonInit
 .text.ADC_CommonStructInit
                0x080003cc       0x34 obj\debug\spl\src\stm32f4xx_adc.o
                0x080003cc                ADC_CommonStructInit
 .text.ADC_Cmd  0x08000400       0x38 obj\debug\spl\src\stm32f4xx_adc.o
                0x08000400                ADC_Cmd
 .text.ADC_RegularChannelConfig
                0x08000438      0x1bc obj\debug\spl\src\stm32f4xx_adc.o
                0x08000438                ADC_RegularChannelConfig
 .text.ADC_SoftwareStartConv
                0x080005f4       0x20 obj\debug\spl\src\stm32f4xx_adc.o
                0x080005f4                ADC_SoftwareStartConv
 .text.ADC_DMACmd
                0x08000614       0x38 obj\debug\spl\src\stm32f4xx_adc.o
                0x08000614                ADC_DMACmd
 .text.ADC_DMARequestAfterLastTransferCmd
                0x0800064c       0x38 obj\debug\spl\src\stm32f4xx_adc.o
                0x0800064c                ADC_DMARequestAfterLastTransferCmd
 .text.DMA_DeInit
                0x08000684      0x244 obj\debug\spl\src\stm32f4xx_dma.o
                0x08000684                DMA_DeInit
 .text.DMA_Init
                0x080008c8       0xb0 obj\debug\spl\src\stm32f4xx_dma.o
                0x080008c8                DMA_Init
 .text.DMA_StructInit
                0x08000978       0x8c obj\debug\spl\src\stm32f4xx_dma.o
                0x08000978                DMA_StructInit
 .text.DMA_Cmd  0x08000a04       0x38 obj\debug\spl\src\stm32f4xx_dma.o
                0x08000a04                DMA_Cmd
 .text.GPIO_Init
                0x08000a3c      0x144 obj\debug\spl\src\stm32f4xx_gpio.o
                0x08000a3c                GPIO_Init
 .text.GPIO_StructInit
                0x08000b80       0x3c obj\debug\spl\src\stm32f4xx_gpio.o
                0x08000b80                GPIO_StructInit
 .text.GPIO_ToggleBits
                0x08000bbc       0x24 obj\debug\spl\src\stm32f4xx_gpio.o
                0x08000bbc                GPIO_ToggleBits
 .text.GPIO_PinAFConfig
                0x08000be0       0xa8 obj\debug\spl\src\stm32f4xx_gpio.o
                0x08000be0                GPIO_PinAFConfig
 .text.RCC_GetClocksFreq
                0x08000c88      0x1cc obj\debug\spl\src\stm32f4xx_rcc.o
                0x08000c88                RCC_GetClocksFreq
 .text.RCC_AHB1PeriphClockCmd
                0x08000e54       0x54 obj\debug\spl\src\stm32f4xx_rcc.o
                0x08000e54                RCC_AHB1PeriphClockCmd
 .text.RCC_APB1PeriphClockCmd
                0x08000ea8       0x54 obj\debug\spl\src\stm32f4xx_rcc.o
                0x08000ea8                RCC_APB1PeriphClockCmd
 .text.RCC_APB2PeriphClockCmd
                0x08000efc       0x54 obj\debug\spl\src\stm32f4xx_rcc.o
                0x08000efc                RCC_APB2PeriphClockCmd
 .text.RCC_APB2PeriphResetCmd
                0x08000f50       0x54 obj\debug\spl\src\stm32f4xx_rcc.o
                0x08000f50                RCC_APB2PeriphResetCmd
 .text.USART_Init
                0x08000fa4      0x1ac obj\debug\spl\src\stm32f4xx_usart.o
                0x08000fa4                USART_Init
 .text.USART_Cmd
                0x08001150       0x40 obj\debug\spl\src\stm32f4xx_usart.o
                0x08001150                USART_Cmd
 .text.USART_SendData
                0x08001190       0x28 obj\debug\spl\src\stm32f4xx_usart.o
                0x08001190                USART_SendData
 .text.NVIC_SetPriority
                0x080011b8       0x5c obj\debug\src\main.o
 .text.SysTick_Config
                0x08001214       0x64 obj\debug\src\main.o
 .text.main     0x08001278      0x150 obj\debug\src\main.o
                0x08001278                main
 .text.init_usart
                0x080013c8       0xb0 obj\debug\src\main.o
                0x080013c8                init_usart
 .text.USART_puts
                0x08001478       0x48 obj\debug\src\main.o
                0x08001478                USART_puts
 .text.SysTick_Handler
                0x080014c0       0x38 obj\debug\src\main.o
                0x080014c0                SysTick_Handler
 .text.initGPIO
                0x080014f8       0x48 obj\debug\src\main.o
                0x080014f8                initGPIO
 .text.adc_config
                0x08001540      0x1e0 obj\debug\src\main.o
                0x08001540                adc_config
 .text          0x08001720      0x110 obj\debug\src\startup_stm32f4xx.o
                0x08001720                Reset_Handler
                0x0800176e                NMI_Handler
                0x08001770                HardFault_Handler
                0x08001772                MemManage_Handler
                0x08001774                BusFault_Handler
                0x08001776                UsageFault_Handler
                0x08001778                SVC_Handler
                0x0800177a                DebugMon_Handler
                0x0800177c                PendSV_Handler
                0x08001780                Default_Handler
                0x08001782                WWDG_IRQHandler
                0x08001784                PVD_IRQHandler
                0x08001786                TAMP_STAMP_IRQHandler
                0x08001788                RTC_WKUP_IRQHandler
                0x0800178a                FLASH_IRQHandler
                0x0800178c                RCC_IRQHandler
                0x0800178e                EXTI0_IRQHandler
                0x08001790                EXTI1_IRQHandler
                0x08001792                EXTI2_IRQHandler
                0x08001794                EXTI3_IRQHandler
                0x08001796                EXTI4_IRQHandler
                0x08001798                DMA1_Stream0_IRQHandler
                0x0800179a                DMA1_Stream1_IRQHandler
                0x0800179c                DMA1_Stream2_IRQHandler
                0x0800179e                DMA1_Stream3_IRQHandler
                0x080017a0                DMA1_Stream4_IRQHandler
                0x080017a2                DMA1_Stream5_IRQHandler
                0x080017a4                DMA1_Stream6_IRQHandler
                0x080017a6                ADC_IRQHandler
                0x080017a8                CAN1_TX_IRQHandler
                0x080017aa                CAN1_RX0_IRQHandler
                0x080017ac                CAN1_RX1_IRQHandler
                0x080017ae                CAN1_SCE_IRQHandler
                0x080017b0                EXTI9_5_IRQHandler
                0x080017b2                TIM1_BRK_TIM9_IRQHandler
                0x080017b4                TIM1_UP_TIM10_IRQHandler
                0x080017b6                TIM1_TRG_COM_TIM11_IRQHandler
                0x080017b8                TIM1_CC_IRQHandler
                0x080017ba                TIM2_IRQHandler
                0x080017bc                TIM3_IRQHandler
                0x080017be                TIM4_IRQHandler
                0x080017c0                I2C1_EV_IRQHandler
                0x080017c2                I2C1_ER_IRQHandler
                0x080017c4                I2C2_EV_IRQHandler
                0x080017c6                I2C2_ER_IRQHandler
                0x080017c8                SPI1_IRQHandler
                0x080017ca                SPI2_IRQHandler
                0x080017cc                USART1_IRQHandler
                0x080017ce                USART2_IRQHandler
                0x080017d0                USART3_IRQHandler
                0x080017d2                EXTI15_10_IRQHandler
                0x080017d4                RTC_Alarm_IRQHandler
                0x080017d6                OTG_FS_WKUP_IRQHandler
                0x080017d8                TIM8_BRK_TIM12_IRQHandler
                0x080017da                TIM8_UP_TIM13_IRQHandler
                0x080017dc                TIM8_TRG_COM_TIM14_IRQHandler
                0x080017de                TIM8_CC_IRQHandler
                0x080017e0                DMA1_Stream7_IRQHandler
                0x080017e2                FSMC_IRQHandler
                0x080017e4                SDIO_IRQHandler
                0x080017e6                TIM5_IRQHandler
                0x080017e8                SPI3_IRQHandler
                0x080017ea                UART4_IRQHandler
                0x080017ec                UART5_IRQHandler
                0x080017ee                TIM6_DAC_IRQHandler
                0x080017f0                TIM7_IRQHandler
                0x080017f2                DMA2_Stream0_IRQHandler
                0x080017f4                DMA2_Stream1_IRQHandler
                0x080017f6                DMA2_Stream2_IRQHandler
                0x080017f8                DMA2_Stream3_IRQHandler
                0x080017fa                DMA2_Stream4_IRQHandler
                0x080017fc                ETH_IRQHandler
                0x080017fe                ETH_WKUP_IRQHandler
                0x08001800                CAN2_TX_IRQHandler
                0x08001802                CAN2_RX0_IRQHandler
                0x08001804                CAN2_RX1_IRQHandler
                0x08001806                CAN2_SCE_IRQHandler
                0x08001808                OTG_FS_IRQHandler
                0x0800180a                DMA2_Stream5_IRQHandler
                0x0800180c                DMA2_Stream6_IRQHandler
                0x0800180e                DMA2_Stream7_IRQHandler
                0x08001810                USART6_IRQHandler
                0x08001812                I2C3_EV_IRQHandler
                0x08001814                I2C3_ER_IRQHandler
                0x08001816                OTG_HS_EP1_OUT_IRQHandler
                0x08001818                OTG_HS_EP1_IN_IRQHandler
                0x0800181a                OTG_HS_WKUP_IRQHandler
                0x0800181c                OTG_HS_IRQHandler
                0x0800181e                DCMI_IRQHandler
                0x08001820                CRYP_IRQHandler
                0x08001822                HASH_RNG_IRQHandler
                0x08001824                FPU_IRQHandler
 .text.SystemInit
                0x08001830       0xb0 obj\debug\src\system_stm32f4xx.o
                0x08001830                SystemInit
 .text.SetSysClock
                0x080018e0      0x188 obj\debug\src\system_stm32f4xx.o
 .text          0x08001a68      0x370 c:/program files (x86)/emblocks/2.20/share/em_armgcc/bin/../lib/gcc/arm-none-eabi/4.7.3/armv7e-m/fpu\libgcc.a(_arm_addsubdf3.o)
                0x08001a68                __aeabi_drsub
                0x08001a70                __aeabi_dsub
                0x08001a70                __subdf3
                0x08001a74                __aeabi_dadd
                0x08001a74                __adddf3
                0x08001cec                __floatunsidf
                0x08001cec                __aeabi_ui2d
                0x08001d0c                __floatsidf
                0x08001d0c                __aeabi_i2d
                0x08001d30                __aeabi_f2d
                0x08001d30                __extendsfdf2
                0x08001d6c                __floatundidf
                0x08001d6c                __aeabi_ul2d
                0x08001d7c                __floatdidf
                0x08001d7c                __aeabi_l2d
 .text          0x08001dd8      0x424 c:/program files (x86)/emblocks/2.20/share/em_armgcc/bin/../lib/gcc/arm-none-eabi/4.7.3/armv7e-m/fpu\libgcc.a(_arm_muldivdf3.o)
                0x08001dd8                __aeabi_dmul
                0x08001dd8                __muldf3
                0x0800202c                __divdf3
                0x0800202c                __aeabi_ddiv
 .text          0x080021fc       0x50 c:/program files (x86)/emblocks/2.20/share/em_armgcc/bin/../lib/gcc/arm-none-eabi/4.7.3/armv7e-m/fpu\libgcc.a(_arm_fixdfsi.o)
                0x080021fc                __aeabi_d2iz
                0x080021fc                __fixdfsi
 .text.__register_exitproc
                0x0800224c       0x14 c:/program files (x86)/emblocks/2.20/share/em_armgcc/bin/../lib/gcc/arm-none-eabi/4.7.3/../../../../arm-none-eabi/lib/armv7e-m/fpu\libc_n.a(lib_a-__atexit2.o)
                0x0800224c                __register_exitproc
 .text.exit     0x08002260       0x2c c:/program files (x86)/emblocks/2.20/share/em_armgcc/bin/../lib/gcc/arm-none-eabi/4.7.3/../../../../arm-none-eabi/lib/armv7e-m/fpu\libc_n.a(lib_a-exit.o)
                0x08002260                exit
 .text.__libc_fini_array
                0x0800228c       0x30 c:/program files (x86)/emblocks/2.20/share/em_armgcc/bin/../lib/gcc/arm-none-eabi/4.7.3/../../../../arm-none-eabi/lib/armv7e-m/fpu\libc_n.a(lib_a-fini.o)
                0x0800228c                __libc_fini_array
 .text.__libc_init_array
                0x080022bc       0x4c c:/program files (x86)/emblocks/2.20/share/em_armgcc/bin/../lib/gcc/arm-none-eabi/4.7.3/../../../../arm-none-eabi/lib/armv7e-m/fpu\libc_n.a(lib_a-init.o)
                0x080022bc                __libc_init_array
 .text.memset   0x08002308       0x10 c:/program files (x86)/emblocks/2.20/share/em_armgcc/bin/../lib/gcc/arm-none-eabi/4.7.3/../../../../arm-none-eabi/lib/armv7e-m/fpu\libc_n.a(lib_a-memset.o)
                0x08002308                memset
 .text.sprintf  0x08002318       0x48 c:/program files (x86)/emblocks/2.20/share/em_armgcc/bin/../lib/gcc/arm-none-eabi/4.7.3/../../../../arm-none-eabi/lib/armv7e-m/fpu\libc_n.a(lib_a-sprintf.o)
                0x08002318                siprintf
                0x08002318                sprintf
 .text.__ssputc_r
                0x08002360       0xb4 c:/program files (x86)/emblocks/2.20/share/em_armgcc/bin/../lib/gcc/arm-none-eabi/4.7.3/../../../../arm-none-eabi/lib/armv7e-m/fpu\libc_n.a(lib_a-svfprintf.o)
                0x08002360                __ssputc_r
 .text._svfprintf_r
                0x08002414      0x1fc c:/program files (x86)/emblocks/2.20/share/em_armgcc/bin/../lib/gcc/arm-none-eabi/4.7.3/../../../../arm-none-eabi/lib/armv7e-m/fpu\libc_n.a(lib_a-svfprintf.o)
                0x08002414                _svfiprintf_r
                0x08002414                _svfprintf_r
 .text._printf_common
                0x08002610       0xde c:/program files (x86)/emblocks/2.20/share/em_armgcc/bin/../lib/gcc/arm-none-eabi/4.7.3/../../../../arm-none-eabi/lib/armv7e-m/fpu\libc_n.a(lib_a-vfprintf_i.o)
                0x08002610                _printf_common
 *fill*         0x080026ee        0x2 
 .text._printf_i
                0x080026f0      0x24c c:/program files (x86)/emblocks/2.20/share/em_armgcc/bin/../lib/gcc/arm-none-eabi/4.7.3/../../../../arm-none-eabi/lib/armv7e-m/fpu\libc_n.a(lib_a-vfprintf_i.o)
                0x080026f0                _printf_i
 .text._free_r  0x0800293c       0x84 c:/program files (x86)/emblocks/2.20/share/em_armgcc/bin/../lib/gcc/arm-none-eabi/4.7.3/../../../../arm-none-eabi/lib/armv7e-m/fpu\libc_n.a(lib_a-freer.o)
                0x0800293c                _free_r
 .text._malloc_r
                0x080029c0       0x9c c:/program files (x86)/emblocks/2.20/share/em_armgcc/bin/../lib/gcc/arm-none-eabi/4.7.3/../../../../arm-none-eabi/lib/armv7e-m/fpu\libc_n.a(lib_a-mallocr.o)
                0x080029c0                _malloc_r
 .text.memchr   0x08002a5c       0x1c c:/program files (x86)/emblocks/2.20/share/em_armgcc/bin/../lib/gcc/arm-none-eabi/4.7.3/../../../../arm-none-eabi/lib/armv7e-m/fpu\libc_n.a(lib_a-memchr.o)
                0x08002a5c                memchr
 .text.memcpy   0x08002a78       0x12 c:/program files (x86)/emblocks/2.20/share/em_armgcc/bin/../lib/gcc/arm-none-eabi/4.7.3/../../../../arm-none-eabi/lib/armv7e-m/fpu\libc_n.a(lib_a-memcpy.o)
                0x08002a78                memcpy
 .text._realloc_r
                0x08002a8a       0x48 c:/program files (x86)/emblocks/2.20/share/em_armgcc/bin/../lib/gcc/arm-none-eabi/4.7.3/../../../../arm-none-eabi/lib/armv7e-m/fpu\libc_n.a(lib_a-reallocr.o)
                0x08002a8a                _realloc_r
 *fill*         0x08002ad2        0x2 
 .text._sbrk_r  0x08002ad4       0x20 c:/program files (x86)/emblocks/2.20/share/em_armgcc/bin/../lib/gcc/arm-none-eabi/4.7.3/../../../../arm-none-eabi/lib/armv7e-m/fpu\libc_n.a(lib_a-sbrkr.o)
                0x08002ad4                _sbrk_r
 .text.strlen   0x08002af4       0x10 c:/program files (x86)/emblocks/2.20/share/em_armgcc/bin/../lib/gcc/arm-none-eabi/4.7.3/../../../../arm-none-eabi/lib/armv7e-m/fpu\libc_n.a(lib_a-strlen.o)
                0x08002af4                strlen
 .text._malloc_usable_size_r
                0x08002b04       0x12 c:/program files (x86)/emblocks/2.20/share/em_armgcc/bin/../lib/gcc/arm-none-eabi/4.7.3/../../../../arm-none-eabi/lib/armv7e-m/fpu\libc_n.a(lib_a-msizer.o)
                0x08002b04                _malloc_usable_size_r
 *fill*         0x08002b16        0x2 
 .text._sbrk    0x08002b18       0x20 c:/program files (x86)/emblocks/2.20/share/em_armgcc/bin/../lib/gcc/arm-none-eabi/4.7.3/../../../../arm-none-eabi/lib/armv7e-m/fpu\libnosys.a(sbrk.o)
                0x08002b18                _sbrk
 .text._exit    0x08002b38        0x4 c:/program files (x86)/emblocks/2.20/share/em_armgcc/bin/../lib/gcc/arm-none-eabi/4.7.3/../../../../arm-none-eabi/lib/armv7e-m/fpu\libnosys.a(_exit.o)
                0x08002b38                _exit
 *(.init)
 .init          0x08002b3c        0x4 c:/program files (x86)/emblocks/2.20/share/em_armgcc/bin/../lib/gcc/arm-none-eabi/4.7.3/armv7e-m/fpu/crti.o
                0x08002b3c                _init
 .init          0x08002b40        0x8 c:/program files (x86)/emblocks/2.20/share/em_armgcc/bin/../lib/gcc/arm-none-eabi/4.7.3/armv7e-m/fpu/crtn.o
 *(.fini)
 .fini          0x08002b48        0x4 c:/program files (x86)/emblocks/2.20/share/em_armgcc/bin/../lib/gcc/arm-none-eabi/4.7.3/armv7e-m/fpu/crti.o
                0x08002b48                _fini
 .fini          0x08002b4c        0x8 c:/program files (x86)/emblocks/2.20/share/em_armgcc/bin/../lib/gcc/arm-none-eabi/4.7.3/armv7e-m/fpu/crtn.o
 *crtbegin.o(.ctors)
 *crtbegin?.o(.ctors)
 *(EXCLUDE_FILE(*crtend.o *crtend?.o) .ctors)
 *(SORT(.ctors.*))
 *(.ctors)
 *crtbegin.o(.dtors)
 *crtbegin?.o(.dtors)
 *(EXCLUDE_FILE(*crtend.o *crtend?.o) .dtors)
 *(SORT(.dtors.*))
 *(.dtors)
 *(.rodata*)
 .rodata        0x08002b54       0x24 obj\debug\src\main.o
 .rodata.str1.1
                0x08002b78        0x2 c:/program files (x86)/emblocks/2.20/share/em_armgcc/bin/../lib/gcc/arm-none-eabi/4.7.3/../../../../arm-none-eabi/lib/armv7e-m/fpu\libc_n.a(lib_a-impure.o)
 *fill*         0x08002b7a        0x2 
 .rodata._global_impure_ptr
                0x08002b7c        0x4 c:/program files (x86)/emblocks/2.20/share/em_armgcc/bin/../lib/gcc/arm-none-eabi/4.7.3/../../../../arm-none-eabi/lib/armv7e-m/fpu\libc_n.a(lib_a-impure.o)
                0x08002b7c                _global_impure_ptr
 .rodata.str1.1
                0x08002b80       0x11 c:/program files (x86)/emblocks/2.20/share/em_armgcc/bin/../lib/gcc/arm-none-eabi/4.7.3/../../../../arm-none-eabi/lib/armv7e-m/fpu\libc_n.a(lib_a-svfprintf.o)
 .rodata.str1.1
                0x08002b91       0x22 c:/program files (x86)/emblocks/2.20/share/em_armgcc/bin/../lib/gcc/arm-none-eabi/4.7.3/../../../../arm-none-eabi/lib/armv7e-m/fpu\libc_n.a(lib_a-vfprintf_i.o)
 *(.eh_frame*)
 *fill*         0x08002bb3        0x1 
 .eh_frame      0x08002bb4        0x0 c:/program files (x86)/emblocks/2.20/share/em_armgcc/bin/../lib/gcc/arm-none-eabi/4.7.3/armv7e-m/fpu/crtbegin.o
 .eh_frame      0x08002bb4        0x4 c:/program files (x86)/emblocks/2.20/share/em_armgcc/bin/../lib/gcc/arm-none-eabi/4.7.3/armv7e-m/fpu/crtend.o

.glue_7         0x08002bb8        0x0
 .glue_7        0x00000000        0x0 linker stubs

.glue_7t        0x08002bb8        0x0
 .glue_7t       0x00000000        0x0 linker stubs

.vfp11_veneer   0x08002bb8        0x0
 .vfp11_veneer  0x00000000        0x0 linker stubs

.v4_bx          0x08002bb8        0x0
 .v4_bx         0x00000000        0x0 linker stubs

.iplt           0x08002bb8        0x0
 .iplt          0x00000000        0x0 c:/program files (x86)/emblocks/2.20/share/em_armgcc/bin/../lib/gcc/arm-none-eabi/4.7.3/armv7e-m/fpu/crtbegin.o

.ARM.extab
 *(.ARM.extab* .gnu.linkonce.armextab.*)
                0x08002bb8                __exidx_start = .

.ARM.exidx      0x08002bb8        0x8
 *(.ARM.exidx* .gnu.linkonce.armexidx.*)
 .ARM.exidx     0x08002bb8        0x8 c:/program files (x86)/emblocks/2.20/share/em_armgcc/bin/../lib/gcc/arm-none-eabi/4.7.3/../../../../arm-none-eabi/lib/armv7e-m/fpu/crt0.o
                0x08002bc0                __exidx_end = .
                0x08002bc0                __etext = .

.rel.dyn        0x08002bc0        0x0
 .rel.iplt      0x00000000        0x0 c:/program files (x86)/emblocks/2.20/share/em_armgcc/bin/../lib/gcc/arm-none-eabi/4.7.3/armv7e-m/fpu/crtbegin.o

.data           0x20000000       0x84 load address 0x08002bc0
                0x20000000                __data_start__ = .
 *(vtable)
 *(.data*)
 .data.APBAHBPrescTable
                0x20000000       0x10 obj\debug\spl\src\stm32f4xx_rcc.o
 .data.SystemCoreClock
                0x20000010        0x4 obj\debug\src\system_stm32f4xx.o
                0x20000010                SystemCoreClock
 .data.impure_data
                0x20000014       0x64 c:/program files (x86)/emblocks/2.20/share/em_armgcc/bin/../lib/gcc/arm-none-eabi/4.7.3/../../../../arm-none-eabi/lib/armv7e-m/fpu\libc_n.a(lib_a-impure.o)
 .data._impure_ptr
                0x20000078        0x4 c:/program files (x86)/emblocks/2.20/share/em_armgcc/bin/../lib/gcc/arm-none-eabi/4.7.3/../../../../arm-none-eabi/lib/armv7e-m/fpu\libc_n.a(lib_a-impure.o)
                0x20000078                _impure_ptr
                0x2000007c                . = ALIGN (0x4)
                0x2000007c                PROVIDE (__preinit_array_start, .)
 *(.preinit_array)
                0x2000007c                PROVIDE (__preinit_array_end, .)
                0x2000007c                . = ALIGN (0x4)
                0x2000007c                PROVIDE (__init_array_start, .)
 *(SORT(.init_array.*))
 *(.init_array)
 .init_array    0x2000007c        0x4 c:/program files (x86)/emblocks/2.20/share/em_armgcc/bin/../lib/gcc/arm-none-eabi/4.7.3/armv7e-m/fpu/crtbegin.o
                0x20000080                PROVIDE (__init_array_end, .)
                0x20000080                . = ALIGN (0x4)
                0x20000080                PROVIDE (__fini_array_start, .)
 *(SORT(.fini_array.*))
 *(.fini_array)
 .fini_array    0x20000080        0x4 c:/program files (x86)/emblocks/2.20/share/em_armgcc/bin/../lib/gcc/arm-none-eabi/4.7.3/armv7e-m/fpu/crtbegin.o
                0x20000084                PROVIDE (__fini_array_end, .)
                0x20000084                . = ALIGN (0x4)
                0x20000084                __data_end__ = .

.jcr            0x20000084        0x0 load address 0x08002c44
 .jcr           0x20000084        0x0 c:/program files (x86)/emblocks/2.20/share/em_armgcc/bin/../lib/gcc/arm-none-eabi/4.7.3/armv7e-m/fpu/crtbegin.o

.igot.plt       0x20000084        0x0 load address 0x08002c44
 .igot.plt      0x00000000        0x0 c:/program files (x86)/emblocks/2.20/share/em_armgcc/bin/../lib/gcc/arm-none-eabi/4.7.3/armv7e-m/fpu/crtbegin.o

.bss            0x20000084       0x70 load address 0x08002c44
                0x20000084                __bss_start__ = .
 *(.bss*)
 .bss           0x20000084       0x1c c:/program files (x86)/emblocks/2.20/share/em_armgcc/bin/../lib/gcc/arm-none-eabi/4.7.3/armv7e-m/fpu/crtbegin.o
 .bss.__malloc_free_list
                0x200000a0        0x4 c:/program files (x86)/emblocks/2.20/share/em_armgcc/bin/../lib/gcc/arm-none-eabi/4.7.3/../../../../arm-none-eabi/lib/armv7e-m/fpu\libc_n.a(lib_a-mallocr.o)
                0x200000a0                __malloc_free_list
 .bss.heap_end.4058
                0x200000a4        0x4 c:/program files (x86)/emblocks/2.20/share/em_armgcc/bin/../lib/gcc/arm-none-eabi/4.7.3/../../../../arm-none-eabi/lib/armv7e-m/fpu\libnosys.a(sbrk.o)
 *(COMMON)
 COMMON         0x200000a8       0x48 obj\debug\src\main.o
                0x200000a8                ADCConvertedValue
                0x200000ac                MyDelay
                0x200000b0                str
 COMMON         0x200000f0        0x4 c:/program files (x86)/emblocks/2.20/share/em_armgcc/bin/../lib/gcc/arm-none-eabi/4.7.3/../../../../arm-none-eabi/lib/armv7e-m/fpu\libc_n.a(lib_a-reent.o)
                0x200000f0                errno
                0x200000f4                __bss_end__ = .

.heap           0x200000f8        0x0
                0x200000f8                __end__ = .
                0x200000f8                end = __end__
 *(.heap*)
 .heap          0x200000f8        0x0 obj\debug\src\startup_stm32f4xx.o
                0x200000f8                __HeapLimit = .

.stack_dummy    0x200000f8      0x100
 *(.stack)
 .stack         0x200000f8      0x100 obj\debug\src\startup_stm32f4xx.o
                0x20020000                __StackTop = (ORIGIN (RAM) + 0x20000)
                0x2001ff00                __StackLimit = (__StackTop - SIZEOF (.stack_dummy))
                0x20020000                PROVIDE (__stack, __StackTop)
                0x00000001                ASSERT ((__StackLimit >= __HeapLimit), region RAM overflowed with stack)
LOAD obj\debug\spl\src\misc.o
LOAD obj\debug\spl\src\stm32f4xx_adc.o
LOAD obj\debug\spl\src\stm32f4xx_can.o
LOAD obj\debug\spl\src\stm32f4xx_crc.o
LOAD obj\debug\spl\src\stm32f4xx_cryp.o
LOAD obj\debug\spl\src\stm32f4xx_cryp_aes.o
LOAD obj\debug\spl\src\stm32f4xx_cryp_des.o
LOAD obj\debug\spl\src\stm32f4xx_cryp_tdes.o
LOAD obj\debug\spl\src\stm32f4xx_dac.o
LOAD obj\debug\spl\src\stm32f4xx_dbgmcu.o
LOAD obj\debug\spl\src\stm32f4xx_dcmi.o
LOAD obj\debug\spl\src\stm32f4xx_dma.o
LOAD obj\debug\spl\src\stm32f4xx_exti.o
LOAD obj\debug\spl\src\stm32f4xx_flash.o
LOAD obj\debug\spl\src\stm32f4xx_fsmc.o
LOAD obj\debug\spl\src\stm32f4xx_gpio.o
LOAD obj\debug\spl\src\stm32f4xx_hash.o
LOAD obj\debug\spl\src\stm32f4xx_hash_md5.o
LOAD obj\debug\spl\src\stm32f4xx_hash_sha1.o
LOAD obj\debug\spl\src\stm32f4xx_i2c.o
LOAD obj\debug\spl\src\stm32f4xx_iwdg.o
LOAD obj\debug\spl\src\stm32f4xx_pwr.o
LOAD obj\debug\spl\src\stm32f4xx_rcc.o
LOAD obj\debug\spl\src\stm32f4xx_rng.o
LOAD obj\debug\spl\src\stm32f4xx_rtc.o
LOAD obj\debug\spl\src\stm32f4xx_sdio.o
LOAD obj\debug\spl\src\stm32f4xx_spi.o
LOAD obj\debug\spl\src\stm32f4xx_syscfg.o
LOAD obj\debug\spl\src\stm32f4xx_tim.o
LOAD obj\debug\spl\src\stm32f4xx_usart.o
LOAD obj\debug\spl\src\stm32f4xx_wwdg.o
LOAD obj\debug\src\main.o
LOAD obj\debug\src\startup_stm32f4xx.o
LOAD obj\debug\src\system_stm32f4xx.o
START GROUP
LOAD c:/program files (x86)/emblocks/2.20/share/em_armgcc/bin/../lib/gcc/arm-none-eabi/4.7.3/armv7e-m/fpu\libgcc.a
LOAD c:/program files (x86)/emblocks/2.20/share/em_armgcc/bin/../lib/gcc/arm-none-eabi/4.7.3/../../../../arm-none-eabi/lib/armv7e-m/fpu\libc_n.a
LOAD c:/program files (x86)/emblocks/2.20/share/em_armgcc/bin/../lib/gcc/arm-none-eabi/4.7.3/../../../../arm-none-eabi/lib/armv7e-m/fpu\libg_n.a
LOAD c:/program files (x86)/emblocks/2.20/share/em_armgcc/bin/../lib/gcc/arm-none-eabi/4.7.3/../../../../arm-none-eabi/lib/armv7e-m/fpu\libnosys.a
END GROUP
LOAD c:/program files (x86)/emblocks/2.20/share/em_armgcc/bin/../lib/gcc/arm-none-eabi/4.7.3/armv7e-m/fpu/crtend.o
LOAD c:/program files (x86)/emblocks/2.20/share/em_armgcc/bin/../lib/gcc/arm-none-eabi/4.7.3/armv7e-m/fpu/crtn.o
OUTPUT(bin\Debug\joystick.elf elf32-littlearm)

.ARM.attributes
                0x00000000       0x30
 .ARM.attributes
                0x00000000       0x22 c:/program files (x86)/emblocks/2.20/share/em_armgcc/bin/../lib/gcc/arm-none-eabi/4.7.3/armv7e-m/fpu/crti.o
 .ARM.attributes
                0x00000022       0x34 c:/program files (x86)/emblocks/2.20/share/em_armgcc/bin/../lib/gcc/arm-none-eabi/4.7.3/armv7e-m/fpu/crtbegin.o
 .ARM.attributes
                0x00000056       0x20 c:/program files (x86)/emblocks/2.20/share/em_armgcc/bin/../lib/gcc/arm-none-eabi/4.7.3/../../../../arm-none-eabi/lib/armv7e-m/fpu/crt0.o
 .ARM.attributes
                0x00000076       0x39 obj\debug\spl\src\stm32f4xx_adc.o
 .ARM.attributes
                0x000000af       0x39 obj\debug\spl\src\stm32f4xx_dma.o
 .ARM.attributes
                0x000000e8       0x39 obj\debug\spl\src\stm32f4xx_gpio.o
 .ARM.attributes
                0x00000121       0x39 obj\debug\spl\src\stm32f4xx_rcc.o
 .ARM.attributes
                0x0000015a       0x39 obj\debug\spl\src\stm32f4xx_usart.o
 .ARM.attributes
                0x00000193       0x39 obj\debug\src\main.o
 .ARM.attributes
                0x000001cc       0x1f obj\debug\src\startup_stm32f4xx.o
 .ARM.attributes
                0x000001eb       0x39 obj\debug\src\system_stm32f4xx.o
 .ARM.attributes
                0x00000224       0x22 c:/program files (x86)/emblocks/2.20/share/em_armgcc/bin/../lib/gcc/arm-none-eabi/4.7.3/armv7e-m/fpu\libgcc.a(_arm_addsubdf3.o)
 .ARM.attributes
                0x00000246       0x22 c:/program files (x86)/emblocks/2.20/share/em_armgcc/bin/../lib/gcc/arm-none-eabi/4.7.3/armv7e-m/fpu\libgcc.a(_arm_muldivdf3.o)
 .ARM.attributes
                0x00000268       0x22 c:/program files (x86)/emblocks/2.20/share/em_armgcc/bin/../lib/gcc/arm-none-eabi/4.7.3/armv7e-m/fpu\libgcc.a(_arm_fixdfsi.o)
 .ARM.attributes
                0x0000028a       0x34 c:/program files (x86)/emblocks/2.20/share/em_armgcc/bin/../lib/gcc/arm-none-eabi/4.7.3/../../../../arm-none-eabi/lib/armv7e-m/fpu\libc_n.a(lib_a-__atexit2.o)
 .ARM.attributes
                0x000002be       0x34 c:/program files (x86)/emblocks/2.20/share/em_armgcc/bin/../lib/gcc/arm-none-eabi/4.7.3/../../../../arm-none-eabi/lib/armv7e-m/fpu\libc_n.a(lib_a-exit.o)
 .ARM.attributes
                0x000002f2       0x34 c:/program files (x86)/emblocks/2.20/share/em_armgcc/bin/../lib/gcc/arm-none-eabi/4.7.3/../../../../arm-none-eabi/lib/armv7e-m/fpu\libc_n.a(lib_a-fini.o)
 .ARM.attributes
                0x00000326       0x34 c:/program files (x86)/emblocks/2.20/share/em_armgcc/bin/../lib/gcc/arm-none-eabi/4.7.3/../../../../arm-none-eabi/lib/armv7e-m/fpu\libc_n.a(lib_a-impure.o)
 .ARM.attributes
                0x0000035a       0x34 c:/program files (x86)/emblocks/2.20/share/em_armgcc/bin/../lib/gcc/arm-none-eabi/4.7.3/../../../../arm-none-eabi/lib/armv7e-m/fpu\libc_n.a(lib_a-init.o)
 .ARM.attributes
                0x0000038e       0x34 c:/program files (x86)/emblocks/2.20/share/em_armgcc/bin/../lib/gcc/arm-none-eabi/4.7.3/../../../../arm-none-eabi/lib/armv7e-m/fpu\libc_n.a(lib_a-memset.o)
 .ARM.attributes
                0x000003c2       0x34 c:/program files (x86)/emblocks/2.20/share/em_armgcc/bin/../lib/gcc/arm-none-eabi/4.7.3/../../../../arm-none-eabi/lib/armv7e-m/fpu\libc_n.a(lib_a-sprintf.o)
 .ARM.attributes
                0x000003f6       0x34 c:/program files (x86)/emblocks/2.20/share/em_armgcc/bin/../lib/gcc/arm-none-eabi/4.7.3/../../../../arm-none-eabi/lib/armv7e-m/fpu\libc_n.a(lib_a-svfprintf.o)
 .ARM.attributes
                0x0000042a       0x34 c:/program files (x86)/emblocks/2.20/share/em_armgcc/bin/../lib/gcc/arm-none-eabi/4.7.3/../../../../arm-none-eabi/lib/armv7e-m/fpu\libc_n.a(lib_a-vfprintf_i.o)
 .ARM.attributes
                0x0000045e       0x34 c:/program files (x86)/emblocks/2.20/share/em_armgcc/bin/../lib/gcc/arm-none-eabi/4.7.3/../../../../arm-none-eabi/lib/armv7e-m/fpu\libc_n.a(lib_a-freer.o)
 .ARM.attributes
                0x00000492       0x34 c:/program files (x86)/emblocks/2.20/share/em_armgcc/bin/../lib/gcc/arm-none-eabi/4.7.3/../../../../arm-none-eabi/lib/armv7e-m/fpu\libc_n.a(lib_a-mallocr.o)
 .ARM.attributes
                0x000004c6       0x34 c:/program files (x86)/emblocks/2.20/share/em_armgcc/bin/../lib/gcc/arm-none-eabi/4.7.3/../../../../arm-none-eabi/lib/armv7e-m/fpu\libc_n.a(lib_a-memchr.o)
 .ARM.attributes
                0x000004fa       0x34 c:/program files (x86)/emblocks/2.20/share/em_armgcc/bin/../lib/gcc/arm-none-eabi/4.7.3/../../../../arm-none-eabi/lib/armv7e-m/fpu\libc_n.a(lib_a-memcpy.o)
 .ARM.attributes
                0x0000052e       0x34 c:/program files (x86)/emblocks/2.20/share/em_armgcc/bin/../lib/gcc/arm-none-eabi/4.7.3/../../../../arm-none-eabi/lib/armv7e-m/fpu\libc_n.a(lib_a-reallocr.o)
 .ARM.attributes
                0x00000562       0x34 c:/program files (x86)/emblocks/2.20/share/em_armgcc/bin/../lib/gcc/arm-none-eabi/4.7.3/../../../../arm-none-eabi/lib/armv7e-m/fpu\libc_n.a(lib_a-sbrkr.o)
 .ARM.attributes
                0x00000596       0x34 c:/program files (x86)/emblocks/2.20/share/em_armgcc/bin/../lib/gcc/arm-none-eabi/4.7.3/../../../../arm-none-eabi/lib/armv7e-m/fpu\libc_n.a(lib_a-strlen.o)
 .ARM.attributes
                0x000005ca       0x34 c:/program files (x86)/emblocks/2.20/share/em_armgcc/bin/../lib/gcc/arm-none-eabi/4.7.3/../../../../arm-none-eabi/lib/armv7e-m/fpu\libc_n.a(lib_a-msizer.o)
 .ARM.attributes
                0x000005fe       0x34 c:/program files (x86)/emblocks/2.20/share/em_armgcc/bin/../lib/gcc/arm-none-eabi/4.7.3/../../../../arm-none-eabi/lib/armv7e-m/fpu\libc_n.a(lib_a-reent.o)
 .ARM.attributes
                0x00000632       0x34 c:/program files (x86)/emblocks/2.20/share/em_armgcc/bin/../lib/gcc/arm-none-eabi/4.7.3/../../../../arm-none-eabi/lib/armv7e-m/fpu\libnosys.a(sbrk.o)
 .ARM.attributes
                0x00000666       0x34 c:/program files (x86)/emblocks/2.20/share/em_armgcc/bin/../lib/gcc/arm-none-eabi/4.7.3/../../../../arm-none-eabi/lib/armv7e-m/fpu\libnosys.a(_exit.o)
 .ARM.attributes
                0x0000069a       0x34 c:/program files (x86)/emblocks/2.20/share/em_armgcc/bin/../lib/gcc/arm-none-eabi/4.7.3/armv7e-m/fpu/crtend.o
 .ARM.attributes
                0x000006ce       0x22 c:/program files (x86)/emblocks/2.20/share/em_armgcc/bin/../lib/gcc/arm-none-eabi/4.7.3/armv7e-m/fpu/crtn.o

.comment        0x00000000       0x4e
 .comment       0x00000000       0x4e obj\debug\spl\src\stm32f4xx_adc.o
                                 0x4f (size before relaxing)
 .comment       0x00000000       0x4f obj\debug\spl\src\stm32f4xx_dma.o
 .comment       0x00000000       0x4f obj\debug\spl\src\stm32f4xx_gpio.o
 .comment       0x00000000       0x4f obj\debug\spl\src\stm32f4xx_rcc.o
 .comment       0x00000000       0x4f obj\debug\spl\src\stm32f4xx_usart.o
 .comment       0x00000000       0x4f obj\debug\src\main.o
 .comment       0x00000000       0x4f obj\debug\src\system_stm32f4xx.o

.debug_info     0x00000000     0x4897
 .debug_info    0x00000000      0xd1c obj\debug\spl\src\stm32f4xx_adc.o
 .debug_info    0x00000d1c      0x7b7 obj\debug\spl\src\stm32f4xx_dma.o
 .debug_info    0x000014d3      0x648 obj\debug\spl\src\stm32f4xx_gpio.o
 .debug_info    0x00001b1b      0xd51 obj\debug\spl\src\stm32f4xx_rcc.o
 .debug_info    0x0000286c      0xa6d obj\debug\spl\src\stm32f4xx_usart.o
 .debug_info    0x000032d9      0xf5d obj\debug\src\main.o
 .debug_info    0x00004236       0x6a obj\debug\src\startup_stm32f4xx.o
 .debug_info    0x000042a0      0x5f7 obj\debug\src\system_stm32f4xx.o

.debug_abbrev   0x00000000      0xb6b
 .debug_abbrev  0x00000000      0x19d obj\debug\spl\src\stm32f4xx_adc.o
 .debug_abbrev  0x0000019d      0x15c obj\debug\spl\src\stm32f4xx_dma.o
 .debug_abbrev  0x000002f9      0x1aa obj\debug\spl\src\stm32f4xx_gpio.o
 .debug_abbrev  0x000004a3      0x1ea obj\debug\spl\src\stm32f4xx_rcc.o
 .debug_abbrev  0x0000068d      0x15c obj\debug\spl\src\stm32f4xx_usart.o
 .debug_abbrev  0x000007e9      0x222 obj\debug\src\main.o
 .debug_abbrev  0x00000a0b       0x14 obj\debug\src\startup_stm32f4xx.o
 .debug_abbrev  0x00000a1f      0x14c obj\debug\src\system_stm32f4xx.o

.debug_loc      0x00000000     0x2196
 .debug_loc     0x00000000      0x838 obj\debug\spl\src\stm32f4xx_adc.o
 .debug_loc     0x00000838      0x428 obj\debug\spl\src\stm32f4xx_dma.o
 .debug_loc     0x00000c60      0x310 obj\debug\spl\src\stm32f4xx_gpio.o
 .debug_loc     0x00000f70      0x97c obj\debug\spl\src\stm32f4xx_rcc.o
 .debug_loc     0x000018ec      0x658 obj\debug\spl\src\stm32f4xx_usart.o
 .debug_loc     0x00001f44      0x1b6 obj\debug\src\main.o
 .debug_loc     0x000020fa       0x9c obj\debug\src\system_stm32f4xx.o

.debug_aranges  0x00000000      0x5a0
 .debug_aranges
                0x00000000      0x148 obj\debug\spl\src\stm32f4xx_adc.o
 .debug_aranges
                0x00000148       0xb0 obj\debug\spl\src\stm32f4xx_dma.o
 .debug_aranges
                0x000001f8       0x88 obj\debug\spl\src\stm32f4xx_gpio.o
 .debug_aranges
                0x00000280      0x178 obj\debug\spl\src\stm32f4xx_rcc.o
 .debug_aranges
                0x000003f8      0x100 obj\debug\spl\src\stm32f4xx_usart.o
 .debug_aranges
                0x000004f8       0x58 obj\debug\src\main.o
 .debug_aranges
                0x00000550       0x20 obj\debug\src\startup_stm32f4xx.o
 .debug_aranges
                0x00000570       0x30 obj\debug\src\system_stm32f4xx.o

.debug_ranges   0x00000000      0x510
 .debug_ranges  0x00000000      0x138 obj\debug\spl\src\stm32f4xx_adc.o
 .debug_ranges  0x00000138       0xa0 obj\debug\spl\src\stm32f4xx_dma.o
 .debug_ranges  0x000001d8       0x78 obj\debug\spl\src\stm32f4xx_gpio.o
 .debug_ranges  0x00000250      0x168 obj\debug\spl\src\stm32f4xx_rcc.o
 .debug_ranges  0x000003b8       0xf0 obj\debug\spl\src\stm32f4xx_usart.o
 .debug_ranges  0x000004a8       0x48 obj\debug\src\main.o
 .debug_ranges  0x000004f0       0x20 obj\debug\src\system_stm32f4xx.o

.debug_macro    0x00000000     0x2a4a
 .debug_macro   0x00000000      0x248 obj\debug\spl\src\stm32f4xx_adc.o
 .debug_macro   0x00000248      0x3c9 obj\debug\spl\src\stm32f4xx_adc.o
 .debug_macro   0x00000611       0x7f obj\debug\spl\src\stm32f4xx_adc.o
 .debug_macro   0x00000690      0x215 obj\debug\spl\src\stm32f4xx_dma.o
 .debug_macro   0x000008a5      0x471 obj\debug\spl\src\stm32f4xx_dma.o
 .debug_macro   0x00000d16      0x1c1 obj\debug\spl\src\stm32f4xx_gpio.o
 .debug_macro   0x00000ed7      0x25f obj\debug\spl\src\stm32f4xx_gpio.o
 .debug_macro   0x00001136      0x269 obj\debug\spl\src\stm32f4xx_rcc.o
 .debug_macro   0x0000139f      0x532 obj\debug\spl\src\stm32f4xx_rcc.o
 .debug_macro   0x000018d1      0x1d9 obj\debug\spl\src\stm32f4xx_usart.o
 .debug_macro   0x00001aaa      0x21a obj\debug\spl\src\stm32f4xx_usart.o
 .debug_macro   0x00001cc4      0x279 obj\debug\src\main.o
 .debug_macro   0x00001f3d       0x16 obj\debug\src\main.o
 .debug_macro   0x00001f53       0x97 obj\debug\src\main.o
 .debug_macro   0x00001fea       0x10 obj\debug\src\main.o
 .debug_macro   0x00001ffa       0x3a obj\debug\src\main.o
 .debug_macro   0x00002034       0x52 obj\debug\src\main.o
 .debug_macro   0x00002086       0x19 obj\debug\src\main.o
 .debug_macro   0x0000209f      0x16d obj\debug\src\main.o
 .debug_macro   0x0000220c       0x10 obj\debug\src\main.o
 .debug_macro   0x0000221c       0xf5 obj\debug\src\main.o
 .debug_macro   0x00002311       0x22 obj\debug\src\main.o
 .debug_macro   0x00002333       0x97 obj\debug\src\main.o
 .debug_macro   0x000023ca       0x16 obj\debug\src\main.o
 .debug_macro   0x000023e0      0x16c obj\debug\src\main.o
 .debug_macro   0x0000254c       0xac obj\debug\src\main.o
 .debug_macro   0x000025f8       0x10 obj\debug\src\main.o
 .debug_macro   0x00002608       0x35 obj\debug\src\main.o
 .debug_macro   0x0000263d       0x1f obj\debug\src\main.o
 .debug_macro   0x0000265c      0x214 obj\debug\src\main.o
 .debug_macro   0x00002870      0x1da obj\debug\src\system_stm32f4xx.o

.debug_line     0x00000000     0x32bc
 .debug_line    0x00000000      0x85d obj\debug\spl\src\stm32f4xx_adc.o
 .debug_line    0x0000085d      0x6e5 obj\debug\spl\src\stm32f4xx_dma.o
 .debug_line    0x00000f42      0x647 obj\debug\spl\src\stm32f4xx_gpio.o
 .debug_line    0x00001589      0x8a4 obj\debug\spl\src\stm32f4xx_rcc.o
 .debug_line    0x00001e2d      0x798 obj\debug\spl\src\stm32f4xx_usart.o
 .debug_line    0x000025c5      0x6b6 obj\debug\src\main.o
 .debug_line    0x00002c7b       0xcc obj\debug\src\startup_stm32f4xx.o
 .debug_line    0x00002d47      0x575 obj\debug\src\system_stm32f4xx.o

.debug_str      0x00000000    0x5b159
 .debug_str     0x00000000    0x569a6 obj\debug\spl\src\stm32f4xx_adc.o
                              0x56b36 (size before relaxing)
 .debug_str     0x000569a6      0x675 obj\debug\spl\src\stm32f4xx_dma.o
                              0x568b7 (size before relaxing)
 .debug_str     0x0005701b      0x2ea obj\debug\spl\src\stm32f4xx_gpio.o
                              0x564f2 (size before relaxing)
 .debug_str     0x00057305      0xb1e obj\debug\spl\src\stm32f4xx_rcc.o
                              0x56d73 (size before relaxing)
 .debug_str     0x00057e23      0x523 obj\debug\spl\src\stm32f4xx_usart.o
                              0x56802 (size before relaxing)
 .debug_str     0x00058346     0x2d57 obj\debug\src\main.o
                              0x594e1 (size before relaxing)
 .debug_str     0x0005b09d       0xbc obj\debug\src\system_stm32f4xx.o
                              0x56432 (size before relaxing)

.debug_frame    0x00000000     0x1564
 .debug_frame   0x00000000      0x434 obj\debug\spl\src\stm32f4xx_adc.o
 .debug_frame   0x00000434      0x224 obj\debug\spl\src\stm32f4xx_dma.o
 .debug_frame   0x00000658      0x19c obj\debug\spl\src\stm32f4xx_gpio.o
 .debug_frame   0x000007f4      0x4d8 obj\debug\spl\src\stm32f4xx_rcc.o
 .debug_frame   0x00000ccc      0x344 obj\debug\spl\src\stm32f4xx_usart.o
 .debug_frame   0x00001010      0x104 obj\debug\src\main.o
 .debug_frame   0x00001114       0x64 obj\debug\src\system_stm32f4xx.o
 .debug_frame   0x00001178       0x28 c:/program files (x86)/emblocks/2.20/share/em_armgcc/bin/../lib/gcc/arm-none-eabi/4.7.3/../../../../arm-none-eabi/lib/armv7e-m/fpu\libc_n.a(lib_a-__atexit2.o)
 .debug_frame   0x000011a0       0x28 c:/program files (x86)/emblocks/2.20/share/em_armgcc/bin/../lib/gcc/arm-none-eabi/4.7.3/../../../../arm-none-eabi/lib/armv7e-m/fpu\libc_n.a(lib_a-exit.o)
 .debug_frame   0x000011c8       0x2c c:/program files (x86)/emblocks/2.20/share/em_armgcc/bin/../lib/gcc/arm-none-eabi/4.7.3/../../../../arm-none-eabi/lib/armv7e-m/fpu\libc_n.a(lib_a-fini.o)
 .debug_frame   0x000011f4       0x2c c:/program files (x86)/emblocks/2.20/share/em_armgcc/bin/../lib/gcc/arm-none-eabi/4.7.3/../../../../arm-none-eabi/lib/armv7e-m/fpu\libc_n.a(lib_a-init.o)
 .debug_frame   0x00001220       0x20 c:/program files (x86)/emblocks/2.20/share/em_armgcc/bin/../lib/gcc/arm-none-eabi/4.7.3/../../../../arm-none-eabi/lib/armv7e-m/fpu\libc_n.a(lib_a-memset.o)
 .debug_frame   0x00001240       0x58 c:/program files (x86)/emblocks/2.20/share/em_armgcc/bin/../lib/gcc/arm-none-eabi/4.7.3/../../../../arm-none-eabi/lib/armv7e-m/fpu\libc_n.a(lib_a-sprintf.o)
 .debug_frame   0x00001298       0x8c c:/program files (x86)/emblocks/2.20/share/em_armgcc/bin/../lib/gcc/arm-none-eabi/4.7.3/../../../../arm-none-eabi/lib/armv7e-m/fpu\libc_n.a(lib_a-svfprintf.o)
 .debug_frame   0x00001324       0x58 c:/program files (x86)/emblocks/2.20/share/em_armgcc/bin/../lib/gcc/arm-none-eabi/4.7.3/../../../../arm-none-eabi/lib/armv7e-m/fpu\libc_n.a(lib_a-vfprintf_i.o)
 .debug_frame   0x0000137c       0x2c c:/program files (x86)/emblocks/2.20/share/em_armgcc/bin/../lib/gcc/arm-none-eabi/4.7.3/../../../../arm-none-eabi/lib/armv7e-m/fpu\libc_n.a(lib_a-freer.o)
 .debug_frame   0x000013a8       0x2c c:/program files (x86)/emblocks/2.20/share/em_armgcc/bin/../lib/gcc/arm-none-eabi/4.7.3/../../../../arm-none-eabi/lib/armv7e-m/fpu\libc_n.a(lib_a-mallocr.o)
 .debug_frame   0x000013d4       0x28 c:/program files (x86)/emblocks/2.20/share/em_armgcc/bin/../lib/gcc/arm-none-eabi/4.7.3/../../../../arm-none-eabi/lib/armv7e-m/fpu\libc_n.a(lib_a-memchr.o)
 .debug_frame   0x000013fc       0x28 c:/program files (x86)/emblocks/2.20/share/em_armgcc/bin/../lib/gcc/arm-none-eabi/4.7.3/../../../../arm-none-eabi/lib/armv7e-m/fpu\libc_n.a(lib_a-memcpy.o)
 .debug_frame   0x00001424       0x30 c:/program files (x86)/emblocks/2.20/share/em_armgcc/bin/../lib/gcc/arm-none-eabi/4.7.3/../../../../arm-none-eabi/lib/armv7e-m/fpu\libc_n.a(lib_a-reallocr.o)
 .debug_frame   0x00001454       0x2c c:/program files (x86)/emblocks/2.20/share/em_armgcc/bin/../lib/gcc/arm-none-eabi/4.7.3/../../../../arm-none-eabi/lib/armv7e-m/fpu\libc_n.a(lib_a-sbrkr.o)
 .debug_frame   0x00001480       0x20 c:/program files (x86)/emblocks/2.20/share/em_armgcc/bin/../lib/gcc/arm-none-eabi/4.7.3/../../../../arm-none-eabi/lib/armv7e-m/fpu\libc_n.a(lib_a-strlen.o)
 .debug_frame   0x000014a0       0x20 c:/program files (x86)/emblocks/2.20/share/em_armgcc/bin/../lib/gcc/arm-none-eabi/4.7.3/../../../../arm-none-eabi/lib/armv7e-m/fpu\libc_n.a(lib_a-msizer.o)
 .debug_frame   0x000014c0       0x64 c:/program files (x86)/emblocks/2.20/share/em_armgcc/bin/../lib/gcc/arm-none-eabi/4.7.3/../../../../arm-none-eabi/lib/armv7e-m/fpu\libc_n.a(lib_a-reent.o)
 .debug_frame   0x00001524       0x20 c:/program files (x86)/emblocks/2.20/share/em_armgcc/bin/../lib/gcc/arm-none-eabi/4.7.3/../../../../arm-none-eabi/lib/armv7e-m/fpu\libnosys.a(sbrk.o)
 .debug_frame   0x00001544       0x20 c:/program files (x86)/emblocks/2.20/share/em_armgcc/bin/../lib/gcc/arm-none-eabi/4.7.3/../../../../arm-none-eabi/lib/armv7e-m/fpu\libnosys.a(_exit.o)
